###############################################################################
#
# IAR ELF Linker V7.50.3.10732/W32 for ARM                14/Aug/2019  09:53:49
# Copyright 2007-2016 IAR Systems AB.
#
#    Output file  =  
#        F:\Projects_Document\hlsd_projects\blestamp_20190701\EWARM\wlsstamp_v2.0\Exe\wlsstamp_v2.0.out
#    Map file     =  
#        F:\Projects_Document\hlsd_projects\blestamp_20190701\EWARM\wlsstamp_v2.0\List\wlsstamp_v2.0.map
#    Command line =  
#        F:\Projects_Document\hlsd_projects\blestamp_20190701\EWARM\wlsstamp_v2.0\Obj\a4988.o
#        F:\Projects_Document\hlsd_projects\blestamp_20190701\EWARM\wlsstamp_v2.0\Obj\ble.o
#        F:\Projects_Document\hlsd_projects\blestamp_20190701\EWARM\wlsstamp_v2.0\Obj\delay.o
#        F:\Projects_Document\hlsd_projects\blestamp_20190701\EWARM\wlsstamp_v2.0\Obj\EPAPER.o
#        F:\Projects_Document\hlsd_projects\blestamp_20190701\EWARM\wlsstamp_v2.0\Obj\hy40r204.o
#        F:\Projects_Document\hlsd_projects\blestamp_20190701\EWARM\wlsstamp_v2.0\Obj\infraredpin.o
#        F:\Projects_Document\hlsd_projects\blestamp_20190701\EWARM\wlsstamp_v2.0\Obj\key.o
#        F:\Projects_Document\hlsd_projects\blestamp_20190701\EWARM\wlsstamp_v2.0\Obj\magnet.o
#        F:\Projects_Document\hlsd_projects\blestamp_20190701\EWARM\wlsstamp_v2.0\Obj\main.o
#        F:\Projects_Document\hlsd_projects\blestamp_20190701\EWARM\wlsstamp_v2.0\Obj\rtc.o
#        F:\Projects_Document\hlsd_projects\blestamp_20190701\EWARM\wlsstamp_v2.0\Obj\startup_stm32f103xe.o
#        F:\Projects_Document\hlsd_projects\blestamp_20190701\EWARM\wlsstamp_v2.0\Obj\stm32f1xx_hal.o
#        F:\Projects_Document\hlsd_projects\blestamp_20190701\EWARM\wlsstamp_v2.0\Obj\stm32f1xx_hal_cortex.o
#        F:\Projects_Document\hlsd_projects\blestamp_20190701\EWARM\wlsstamp_v2.0\Obj\stm32f1xx_hal_dma.o
#        F:\Projects_Document\hlsd_projects\blestamp_20190701\EWARM\wlsstamp_v2.0\Obj\stm32f1xx_hal_flash.o
#        F:\Projects_Document\hlsd_projects\blestamp_20190701\EWARM\wlsstamp_v2.0\Obj\stm32f1xx_hal_flash_ex.o
#        F:\Projects_Document\hlsd_projects\blestamp_20190701\EWARM\wlsstamp_v2.0\Obj\stm32f1xx_hal_gpio.o
#        F:\Projects_Document\hlsd_projects\blestamp_20190701\EWARM\wlsstamp_v2.0\Obj\stm32f1xx_hal_gpio_ex.o
#        F:\Projects_Document\hlsd_projects\blestamp_20190701\EWARM\wlsstamp_v2.0\Obj\stm32f1xx_hal_msp.o
#        F:\Projects_Document\hlsd_projects\blestamp_20190701\EWARM\wlsstamp_v2.0\Obj\stm32f1xx_hal_pcd.o
#        F:\Projects_Document\hlsd_projects\blestamp_20190701\EWARM\wlsstamp_v2.0\Obj\stm32f1xx_hal_pcd_ex.o
#        F:\Projects_Document\hlsd_projects\blestamp_20190701\EWARM\wlsstamp_v2.0\Obj\stm32f1xx_hal_pwr.o
#        F:\Projects_Document\hlsd_projects\blestamp_20190701\EWARM\wlsstamp_v2.0\Obj\stm32f1xx_hal_rcc.o
#        F:\Projects_Document\hlsd_projects\blestamp_20190701\EWARM\wlsstamp_v2.0\Obj\stm32f1xx_hal_rcc_ex.o
#        F:\Projects_Document\hlsd_projects\blestamp_20190701\EWARM\wlsstamp_v2.0\Obj\stm32f1xx_hal_rtc.o
#        F:\Projects_Document\hlsd_projects\blestamp_20190701\EWARM\wlsstamp_v2.0\Obj\stm32f1xx_hal_rtc_ex.o
#        F:\Projects_Document\hlsd_projects\blestamp_20190701\EWARM\wlsstamp_v2.0\Obj\stm32f1xx_hal_spi.o
#        F:\Projects_Document\hlsd_projects\blestamp_20190701\EWARM\wlsstamp_v2.0\Obj\stm32f1xx_hal_spi_ex.o
#        F:\Projects_Document\hlsd_projects\blestamp_20190701\EWARM\wlsstamp_v2.0\Obj\stm32f1xx_hal_tim.o
#        F:\Projects_Document\hlsd_projects\blestamp_20190701\EWARM\wlsstamp_v2.0\Obj\stm32f1xx_hal_tim_ex.o
#        F:\Projects_Document\hlsd_projects\blestamp_20190701\EWARM\wlsstamp_v2.0\Obj\stm32f1xx_hal_uart.o
#        F:\Projects_Document\hlsd_projects\blestamp_20190701\EWARM\wlsstamp_v2.0\Obj\stm32f1xx_it.o
#        F:\Projects_Document\hlsd_projects\blestamp_20190701\EWARM\wlsstamp_v2.0\Obj\stm32f1xx_ll_usb.o
#        F:\Projects_Document\hlsd_projects\blestamp_20190701\EWARM\wlsstamp_v2.0\Obj\system_stm32f1xx.o
#        F:\Projects_Document\hlsd_projects\blestamp_20190701\EWARM\wlsstamp_v2.0\Obj\usartprintf.o
#        F:\Projects_Document\hlsd_projects\blestamp_20190701\EWARM\wlsstamp_v2.0\Obj\usb_device.o
#        F:\Projects_Document\hlsd_projects\blestamp_20190701\EWARM\wlsstamp_v2.0\Obj\usbd_conf.o
#        F:\Projects_Document\hlsd_projects\blestamp_20190701\EWARM\wlsstamp_v2.0\Obj\usbd_core.o
#        F:\Projects_Document\hlsd_projects\blestamp_20190701\EWARM\wlsstamp_v2.0\Obj\usbd_ctlreq.o
#        F:\Projects_Document\hlsd_projects\blestamp_20190701\EWARM\wlsstamp_v2.0\Obj\usbd_desc.o
#        F:\Projects_Document\hlsd_projects\blestamp_20190701\EWARM\wlsstamp_v2.0\Obj\usbd_ioreq.o
#        F:\Projects_Document\hlsd_projects\blestamp_20190701\EWARM\wlsstamp_v2.0\Obj\usbd_msc.o
#        F:\Projects_Document\hlsd_projects\blestamp_20190701\EWARM\wlsstamp_v2.0\Obj\usbd_msc_bot.o
#        F:\Projects_Document\hlsd_projects\blestamp_20190701\EWARM\wlsstamp_v2.0\Obj\usbd_msc_data.o
#        F:\Projects_Document\hlsd_projects\blestamp_20190701\EWARM\wlsstamp_v2.0\Obj\usbd_msc_scsi.o
#        F:\Projects_Document\hlsd_projects\blestamp_20190701\EWARM\wlsstamp_v2.0\Obj\usbd_storage_if.o
#        --redirect _Printf=_PrintfFull --redirect _Scanf=_ScanfFull -o
#        F:\Projects_Document\hlsd_projects\blestamp_20190701\EWARM\wlsstamp_v2.0\Exe\wlsstamp_v2.0.out
#        --map
#        F:\Projects_Document\hlsd_projects\blestamp_20190701\EWARM\wlsstamp_v2.0\List\wlsstamp_v2.0.map
#        --config
#        F:\Projects_Document\hlsd_projects\blestamp_20190701\EWARM/stm32f103xe_flash.icf
#        --semihosting --entry __iar_program_start --vfe
#
###############################################################################

*******************************************************************************
*** RUNTIME MODEL ATTRIBUTES
***

CppFlavor                     = *
__Heap_Handler                = Basic
__SystemLibrary               = DLib
__dlib_dynamic_initialization = normal


*******************************************************************************
*** PLACEMENT SUMMARY
***

"A1":  place at 0x08000000 { ro section .intvec };
"P1":  place in [from 0x08000000 to 0x0807ffff] { ro };
"P2":  place in [from 0x20000000 to 0x2000ffff] { rw, block CSTACK, block HEAP };

  Section             Kind        Address    Size  Object
  -------             ----        -------    ----  ------
"A1":                                       0x130
  .intvec             ro code  0x08000000   0x130  startup_stm32f103xe.o [1]
                             - 0x08000130   0x130

"P1":                                      0xf5b7
  .rodata             const    0x08000130  0x1388  main.o [1]
  .rodata             const    0x080014b8  0x1388  main.o [1]
  .rodata             const    0x08002840  0x1388  main.o [1]
  .rodata             const    0x08003bc8  0x1388  main.o [1]
  .rodata             const    0x08004f50  0x1388  main.o [1]
  .text               ro code  0x080062d8  0x1166  xprintffull.o [3]
  .text               ro code  0x0800743e    0x20  xmbtowc.o [3]
  .text               ro code  0x0800745e    0x76  lz77_init_single.o [5]
  .text               ro code  0x080074d4    0x16  strchr.o [5]
  .rodata             const    0x080074ea     0x2  stm32f1xx_hal_rcc.o [1]
  .text               ro code  0x080074ec    0x36  strlen.o [5]
  .rodata             const    0x08007522     0x2  stm32f1xx_hal_rcc_ex.o [1]
  .text               ro code  0x08007524    0x58  memchr.o [5]
  .text               ro code  0x0800757c     0xa  xmbcurmax.o [3]
  .text               ro code  0x08007588    0xb0  xxmemxmalloc.o [3]
  .text               ro code  0x08007638    0x1a  xwctomb.o [3]
  .text               ro code  0x08007654    0x76  ABImemcpy_unaligned.o [5]
  .text               ro code  0x080076cc    0x80  xxmemxfree.o [3]
  .text               ro code  0x0800774c    0xee  I64DivMod.o [5]
  .text               ro code  0x0800783a    0x42  xdnorm.o [4]
  .text               ro code  0x0800787c    0x2e  DblCmpLe.o [4]
  .text               ro code  0x080078ac    0x2e  DblCmpGe.o [4]
  .text               ro code  0x080078dc   0x10c  xdscale.o [4]
  .text               ro code  0x080079e8    0x58  DblToI32.o [4]
  .text               ro code  0x08007a40    0x30  I32ToDbl.o [4]
  .text               ro code  0x08007a70   0x180  DblSub.o [4]
  .text               ro code  0x08007bf0   0x1a2  DblMul.o [4]
  .text               ro code  0x08007d94   0x256  DblDiv.o [4]
  .text               ro code  0x08007fec    0x6c  localeconv.o [3]
  .text               ro code  0x08008058     0xe  div.o [3]
  .text               ro code  0x08008068    0x14  setlocale.o [3]
  .text               ro code  0x0800807c    0x60  xencoding_sb.o [3]
  .text               ro code  0x080080dc    0x2c  xgetmemchunk.o [3]
  .text               ro code  0x08008108     0x2  I64DivZer.o [5]
  .text               ro code  0x0800810c    0xd4  DblAdd.o [4]
  .text               ro code  0x080081e0     0x2  xtls.o [3]
  .text               ro code  0x080081e4   0xae6  main.o [1]
  .text               ro code  0x08008ccc   0x2e4  a4988.o [1]
  .text               ro code  0x08008fb0    0x8c  stm32f1xx_hal.o [1]
  .text               ro code  0x0800903c   0x14c  delay.o [1]
  .text               ro code  0x08009188    0xf0  usartprintf.o [1]
  .text               ro code  0x08009278   0x1d0  hy40r204.o [1]
  .text               ro code  0x08009448   0x820  EPAPER.o [1]
  .text               ro code  0x08009c68    0x5c  key.o [1]
  .text               ro code  0x08009cc4    0x58  infraredpin.o [1]
  .text               ro code  0x08009d1c   0x114  magnet.o [1]
  .text               ro code  0x08009e30    0xd8  rtc.o [1]
  .text               ro code  0x08009f08    0x28  strncmp.o [3]
  .text               ro code  0x08009f30    0x24  printf.o [3]
  .text               ro code  0x08009f54    0x66  ABImemset.o [5]
  .text               ro code  0x08009fbc     0x6  ABImemclr4.o [5]
  .text               ro code  0x08009fc4   0x6f0  stm32f1xx_hal_rcc.o [1]
  .text               ro code  0x0800a6b4   0x25c  stm32f1xx_hal_rcc_ex.o [1]
  .text               ro code  0x0800a910   0x34c  stm32f1xx_hal_gpio.o [1]
  .text               ro code  0x0800ac5c   0x13c  stm32f1xx_hal_cortex.o [1]
  .text               ro code  0x0800ad98   0x3a0  stm32f1xx_hal_msp.o [1]
  .text               ro code  0x0800b138   0x61a  stm32f1xx_hal_tim.o [1]
  .text               ro code  0x0800b754    0x60  stm32f1xx_hal_tim_ex.o [1]
  .text               ro code  0x0800b7b4   0x6ac  stm32f1xx_hal_uart.o [1]
  .text               ro code  0x0800be60   0x288  stm32f1xx_hal_spi.o [1]
  .text               ro code  0x0800c0e8    0x8a  stm32f1xx_hal_spi_ex.o [1]
  .text               ro code  0x0800c174   0x79c  stm32f1xx_hal_rtc.o [1]
  .text               ro code  0x0800c910    0x34  stm32f1xx_hal_rtc_ex.o [1]
  .text               ro code  0x0800c944    0x32  ABImemset48.o [5]
  .text               ro code  0x0800c978     0xc  stm32f1xx_hal_pwr.o [1]
  .text               ro code  0x0800c984   0x1f8  stm32f1xx_hal_dma.o [1]
  .text               ro code  0x0800cb7c   0x800  stm32f1xx_ll_usb.o [1]
  .text               ro code  0x0800d37c   0x794  stm32f1xx_hal_pcd.o [1]
  .text               ro code  0x0800db10   0x23e  usbd_conf.o [1]
  .text               ro code  0x0800dd4e   0x2b8  usbd_core.o [1]
  .text               ro code  0x0800e008   0x604  usbd_ctlreq.o [1]
  .text               ro code  0x0800e60c    0x90  usbd_ioreq.o [1]
  .rodata             const    0x0800e69c   0x600  main.o [1]
  .rodata             const    0x0800ec9c   0x300  main.o [1]
  .text               ro code  0x0800ef9c    0x80  system_stm32f1xx.o [1]
  .text               ro code  0x0800f01c    0x40  zero_init3.o [5]
  .text               ro code  0x0800f05c    0x28  stm32f1xx_it.o [1]
  .text               ro code  0x0800f084    0x28  data_init.o [5]
  .iar.init_table     const    0x0800f0ac    0x20  - Linker created -
  .text               ro code  0x0800f0cc    0x1a  cmain.o [5]
  .text               ro code  0x0800f0e6     0x4  low_level_init.o [3]
  .text               ro code  0x0800f0ea     0x4  exit.o [3]
  .text               ro code  0x0800f0f0     0xa  cexit.o [5]
  .text               ro code  0x0800f0fc    0x14  exit.o [6]
  .text               ro code  0x0800f110    0x16  xprout.o [3]
  .text               ro code  0x0800f128     0xc  putchar.o [3]
  .rodata             const    0x0800f134    0x10  main.o [1]
  .rodata             const    0x0800f144    0x10  stm32f1xx_hal_rcc.o [1]
  .rodata             const    0x0800f154    0x10  stm32f1xx_hal_rcc_ex.o [1]
  .rodata             const    0x0800f164    0x10  system_stm32f1xx.o [1]
  .text               ro code  0x0800f174    0x10  startup_stm32f103xe.o [1]
  .rodata             const    0x0800f184     0xc  main.o [1]
  .text               ro code  0x0800f190     0xc  cstartup_M.o [5]
  .rodata             const    0x0800f19c     0x8  delay.o [1]
  .rodata             const    0x0800f1a4     0x8  magnet.o [1]
  .rodata             const    0x0800f1ac     0x8  main.o [1]
  .rodata             const    0x0800f1b4     0x8  main.o [1]
  .rodata             const    0x0800f1bc     0x8  main.o [1]
  .rodata             const    0x0800f1c4     0x8  main.o [1]
  .rodata             const    0x0800f1cc     0x8  main.o [1]
  .rodata             const    0x0800f1d4     0x8  main.o [1]
  .rodata             const    0x0800f1dc     0x8  main.o [1]
  .rodata             const    0x0800f1e4     0x8  system_stm32f1xx.o [1]
  .rodata             const    0x0800f1ec     0x4  stm32f1xx_hal_rtc.o [1]
  .text               ro code  0x0800f1f0     0x4  startup_stm32f103xe.o [1]
  .text               ro code  0x0800f1f4     0x4  startup_stm32f103xe.o [1]
  .text               ro code  0x0800f1f8     0x4  startup_stm32f103xe.o [1]
  .text               ro code  0x0800f1fc     0x4  startup_stm32f103xe.o [1]
  .text               ro code  0x0800f200     0x4  startup_stm32f103xe.o [1]
  .text               ro code  0x0800f204     0x4  startup_stm32f103xe.o [1]
  .text               ro code  0x0800f208     0x4  startup_stm32f103xe.o [1]
  .text               ro code  0x0800f20c     0x4  startup_stm32f103xe.o [1]
  .text               ro code  0x0800f210     0x4  startup_stm32f103xe.o [1]
  .text               ro code  0x0800f214     0x4  startup_stm32f103xe.o [1]
  .text               ro code  0x0800f218     0x4  startup_stm32f103xe.o [1]
  .text               ro code  0x0800f21c     0x4  startup_stm32f103xe.o [1]
  .text               ro code  0x0800f220     0x4  startup_stm32f103xe.o [1]
  .text               ro code  0x0800f224     0x4  startup_stm32f103xe.o [1]
  .text               ro code  0x0800f228     0x4  startup_stm32f103xe.o [1]
  .text               ro code  0x0800f22c     0x4  startup_stm32f103xe.o [1]
  .text               ro code  0x0800f230     0x4  startup_stm32f103xe.o [1]
  .text               ro code  0x0800f234     0x4  startup_stm32f103xe.o [1]
  .text               ro code  0x0800f238     0x4  startup_stm32f103xe.o [1]
  .text               ro code  0x0800f23c     0x4  startup_stm32f103xe.o [1]
  .text               ro code  0x0800f240     0x4  startup_stm32f103xe.o [1]
  .text               ro code  0x0800f244     0x4  startup_stm32f103xe.o [1]
  .text               ro code  0x0800f248     0x4  startup_stm32f103xe.o [1]
  .text               ro code  0x0800f24c     0x4  startup_stm32f103xe.o [1]
  .text               ro code  0x0800f250     0x4  startup_stm32f103xe.o [1]
  .text               ro code  0x0800f254     0x4  startup_stm32f103xe.o [1]
  .text               ro code  0x0800f258     0x4  startup_stm32f103xe.o [1]
  .text               ro code  0x0800f25c     0x4  startup_stm32f103xe.o [1]
  .text               ro code  0x0800f260     0x4  startup_stm32f103xe.o [1]
  .text               ro code  0x0800f264     0x4  startup_stm32f103xe.o [1]
  .text               ro code  0x0800f268     0x4  startup_stm32f103xe.o [1]
  .text               ro code  0x0800f26c     0x4  startup_stm32f103xe.o [1]
  .text               ro code  0x0800f270     0x4  startup_stm32f103xe.o [1]
  .text               ro code  0x0800f274     0x4  startup_stm32f103xe.o [1]
  .text               ro code  0x0800f278     0x4  startup_stm32f103xe.o [1]
  .text               ro code  0x0800f27c     0x4  startup_stm32f103xe.o [1]
  .text               ro code  0x0800f280     0x4  startup_stm32f103xe.o [1]
  .text               ro code  0x0800f284     0x4  startup_stm32f103xe.o [1]
  .text               ro code  0x0800f288     0x4  startup_stm32f103xe.o [1]
  .text               ro code  0x0800f28c     0x4  startup_stm32f103xe.o [1]
  .text               ro code  0x0800f290     0x4  startup_stm32f103xe.o [1]
  .text               ro code  0x0800f294     0x4  startup_stm32f103xe.o [1]
  .text               ro code  0x0800f298     0x4  startup_stm32f103xe.o [1]
  .text               ro code  0x0800f29c     0x4  startup_stm32f103xe.o [1]
  .text               ro code  0x0800f2a0     0x4  startup_stm32f103xe.o [1]
  .text               ro code  0x0800f2a4     0x4  startup_stm32f103xe.o [1]
  .text               ro code  0x0800f2a8     0x4  startup_stm32f103xe.o [1]
  .text               ro code  0x0800f2ac     0x4  startup_stm32f103xe.o [1]
  .text               ro code  0x0800f2b0     0x4  startup_stm32f103xe.o [1]
  .text               ro code  0x0800f2b4     0x4  startup_stm32f103xe.o [1]
  .text               ro code  0x0800f2b8     0x4  startup_stm32f103xe.o [1]
  .text               ro code  0x0800f2bc     0x4  startup_stm32f103xe.o [1]
  .text               ro code  0x0800f2c0     0x4  startup_stm32f103xe.o [1]
  .text               ro code  0x0800f2c4     0x4  startup_stm32f103xe.o [1]
  .text               ro code  0x0800f2c8     0x4  startup_stm32f103xe.o [1]
  .rodata             const    0x0800f2cc     0x0  zero_init3.o [5]
  .rodata             const    0x0800f2cc     0x0  lz77_init_single.o [5]
  Initializer bytes   const    0x0800f2cc   0x41b  <for P2-1>
                             - 0x0800f6e7  0xf5b7

"P2", part 1 of 3:                          0x941
  P2-1                         0x20000000   0x941  <Init block>
    .data             inited   0x20000000   0x7d0  a4988.o [1]
    .data             inited   0x200007d0    0x1c  main.o [1]
    .data             inited   0x200007ec    0x10  main.o [1]
    .data             inited   0x200007fc     0x4  stm32f1xx_hal.o [1]
    .data             inited   0x20000800     0x4  system_stm32f1xx.o [1]
    .data             inited   0x20000804    0x40  xfiles.o [3]
    __DLIB_PERTHREAD  inited   0x20000844    0x88  localeconv.o [3]
    __DLIB_PERTHREAD  inited   0x200008cc    0x74  setlocale.o [3]
    .data             inited   0x20000940     0x1  stm32f1xx_hal.o [1]
                             - 0x20000941   0x941

"P2", part 2 of 3:                         0x1200
  CSTACK                       0x20000948  0x1000  <Block>
    CSTACK            uninit   0x20000948  0x1000  <Block tail>
  HEAP                         0x20001948   0x200  <Block>
    HEAP              uninit   0x20001948   0x200  <Block tail>
                             - 0x20001b48  0x1200

"P2", part 3 of 3:                          0x720
  .bss                zero     0x20001b48   0x460  usbd_conf.o [1]
  .bss                zero     0x20001fa8    0x64  hy40r204.o [1]
  .bss                zero     0x2000200c    0x58  EPAPER.o [1]
  .bss                zero     0x20002064    0x50  xfiles.o [3]
  .bss                zero     0x200020b4    0x40  delay.o [1]
  .bss                zero     0x200020f4    0x40  delay.o [1]
  .bss                zero     0x20002134    0x40  hy40r204.o [1]
  .bss                zero     0x20002174    0x40  magnet.o [1]
  .bss                zero     0x200021b4    0x40  usartprintf.o [1]
  .bss                zero     0x200021f4    0x40  usartprintf.o [1]
  .bss                zero     0x20002234    0x14  rtc.o [1]
  .bss                zero     0x20002248     0x8  hy40r204.o [1]
  .bss                zero     0x20002250     0x8  xxmemxmalloc.o [3]
  .bss                zero     0x20002258     0x4  stm32f1xx_hal.o [1]
  .bss                zero     0x2000225c     0x4  xgetmemchunk.o [3]
  .bss                zero     0x20002260     0x2  usartprintf.o [1]
  .bss                zero     0x20002262     0x1  delay.o [1]
  .bss                zero     0x20002263     0x1  usartprintf.o [1]
  .bss                zero     0x20002264     0x1  usbd_ctlreq.o [1]
                             - 0x20002265   0x71d


*******************************************************************************
*** INIT TABLE
***

          Address     Size
          -------     ----
Zero (__iar_zero_init3)
    1 destination range, total size 0x71d:
          0x20001b48  0x71d

Copy/lz77 (__iar_lz77_init_single3)
    1 source range, total size 0x41b (44% of destination):
          0x0800f2cc  0x41b
    1 destination range, total size 0x941:
          0x20000000  0x941



*******************************************************************************
*** MODULE SUMMARY
***

    Module                  ro code  ro data  rw data
    ------                  -------  -------  -------
F:\Projects_Document\hlsd_projects\blestamp_20190701\EWARM\wlsstamp_v2.0\Obj: [1]
    EPAPER.o                  2 080                88
    a4988.o                     740      887    2 000
    delay.o                     332        8      129
    hy40r204.o                  464               172
    infraredpin.o                88
    key.o                        92
    magnet.o                    276        8       64
    main.o                    2 790   27 407       44
    rtc.o                       216                20
    startup_stm32f103xe.o       540
    stm32f1xx_hal.o             140        3        9
    stm32f1xx_hal_cortex.o      316
    stm32f1xx_hal_dma.o         504
    stm32f1xx_hal_gpio.o        844
    stm32f1xx_hal_msp.o         928
    stm32f1xx_hal_pcd.o       1 940
    stm32f1xx_hal_pwr.o          12
    stm32f1xx_hal_rcc.o       1 776       18
    stm32f1xx_hal_rcc_ex.o      604       18
    stm32f1xx_hal_rtc.o       1 948        4
    stm32f1xx_hal_rtc_ex.o       52
    stm32f1xx_hal_spi.o         648
    stm32f1xx_hal_spi_ex.o      138
    stm32f1xx_hal_tim.o       1 562
    stm32f1xx_hal_tim_ex.o       96
    stm32f1xx_hal_uart.o      1 708
    stm32f1xx_it.o               40
    stm32f1xx_ll_usb.o        2 048
    system_stm32f1xx.o          128       26        4
    usartprintf.o               240               131
    usbd_conf.o                 574             1 120
    usbd_core.o                 696
    usbd_ctlreq.o             1 540                 1
    usbd_ioreq.o                144
    -------------------------------------------------
    Total:                   26 244   28 379    3 782

command line: [2]
    -------------------------------------------------
    Total:

dl7M_tlf.a: [3]
    div.o                        14
    exit.o                        4
    localeconv.o                108       61      136
    low_level_init.o              4
    printf.o                     36
    putchar.o                    12
    setlocale.o                  20       51      116
    strncmp.o                    40
    xencoding_sb.o               96
    xfiles.o                              28      144
    xgetmemchunk.o               44                 4
    xmbcurmax.o                  10
    xmbtowc.o                    32
    xprintffull.o             4 454
    xprout.o                     22
    xtls.o                        2
    xwctomb.o                    26
    xxmemxfree.o                128
    xxmemxmalloc.o              176                 8
    -------------------------------------------------
    Total:                    5 228      140      408

m7M_tl.a: [4]
    DblAdd.o                    212
    DblCmpGe.o                   46
    DblCmpLe.o                   46
    DblDiv.o                    598
    DblMul.o                    418
    DblSub.o                    384
    DblToI32.o                   88
    I32ToDbl.o                   48
    xdnorm.o                     66
    xdscale.o                   268
    -------------------------------------------------
    Total:                    2 174

rt7M_tl.a: [5]
    ABImemclr4.o                  6
    ABImemcpy_unaligned.o       118
    ABImemset.o                 102
    ABImemset48.o                50
    I64DivMod.o                 238
    I64DivZer.o                   2
    cexit.o                      10
    cmain.o                      26
    cstartup_M.o                 12
    data_init.o                  40
    lz77_init_single.o          118
    memchr.o                     88
    strchr.o                     22
    strlen.o                     54
    zero_init3.o                 64
    -------------------------------------------------
    Total:                      950

shb_l.a: [6]
    exit.o                       20
    -------------------------------------------------
    Total:                       20

    Gaps                         40
    Linker created                        32    4 608
-----------------------------------------------------
    Grand Total:             34 656   28 551    8 798


*******************************************************************************
*** ENTRY LIST
***

Entry                      Address    Size  Type      Object
-----                      -------    ----  ----      ------
.iar.init_table$$Base   0x0800f0ac           --   Gb  - Linker created -
.iar.init_table$$Limit  0x0800f0cc           --   Gb  - Linker created -
?main                   0x0800f0cd          Code  Gb  cmain.o [5]
AHBPrescTable           0x0800f164    0x10  Data  Gb  system_stm32f1xx.o [1]
APBPrescTable           0x0800f1e4     0x8  Data  Gb  system_stm32f1xx.o [1]
AccStep                 0x20000000   0x7d0  Data  Gb  a4988.o [1]
BusFault_Handler        0x0800f063     0x2  Code  Gb  stm32f1xx_it.o [1]
CSTACK$$Base            0x20000948           --   Gb  - Linker created -
CSTACK$$Limit           0x20001948           --   Gb  - Linker created -
DebugMon_Handler        0x0800f069     0x2  Code  Gb  stm32f1xx_it.o [1]
EPD_Dis_Part            0x08009615    0xee  Code  Gb  EPAPER.o [1]
EPD_Dis_Part_Not_Updata
                        0x08009703    0xea  Code  Gb  EPAPER.o [1]
EPD_HW_Init             0x080094cb    0xe8  Code  Gb  EPAPER.o [1]
EPD_Part_Update         0x080095cd    0x1a  Code  Gb  EPAPER.o [1]
EPD_Update              0x080095b3    0x1a  Code  Gb  EPAPER.o [1]
EPD_WhiteScreen_ALL     0x080095e7    0x2e  Code  Gb  EPAPER.o [1]
EPD_WhiteScreen_White   0x080097ed    0x54  Code  Gb  EPAPER.o [1]
EXTI9_5_IRQHandler      0x0800940d    0x18  Code  Gb  hy40r204.o [1]
Epaper_READBUSY         0x08009485    0x12  Code  Gb  EPAPER.o [1]
Epaper_Spi_WriteByte    0x08009469    0x1c  Code  Gb  EPAPER.o [1]
Epaper_Write_Command    0x08009497    0x1a  Code  Gb  EPAPER.o [1]
Epaper_Write_Data       0x080094b1    0x1a  Code  Gb  EPAPER.o [1]
Error_Handler           0x08008c35     0x2  Code  Gb  main.o [1]
HAL_DMA_Abort_IT        0x0800c985   0x1be  Code  Gb  stm32f1xx_hal_dma.o [1]
HAL_GPIO_Init           0x0800a911   0x2d6  Code  Gb  stm32f1xx_hal_gpio.o [1]
HAL_GPIO_ReadPin        0x0800abe7    0x18  Code  Gb  stm32f1xx_hal_gpio.o [1]
HAL_GPIO_WritePin       0x0800abff    0x14  Code  Gb  stm32f1xx_hal_gpio.o [1]
HAL_GetTick             0x08009023     0x6  Code  Wk  stm32f1xx_hal.o [1]
HAL_IncTick             0x08009013    0x10  Code  Wk  stm32f1xx_hal.o [1]
HAL_Init                0x08008fb1    0x22  Code  Gb  stm32f1xx_hal.o [1]
HAL_InitTick            0x08008fd3    0x40  Code  Wk  stm32f1xx_hal.o [1]
HAL_MspInit             0x0800ad99    0x58  Code  Gb  stm32f1xx_hal_msp.o [1]
HAL_NVIC_EnableIRQ      0x0800ad5f     0xe  Code  Gb  stm32f1xx_hal_cortex.o [1]
HAL_NVIC_SetPriority    0x0800ad39    0x26  Code  Gb  stm32f1xx_hal_cortex.o [1]
HAL_NVIC_SetPriorityGrouping
                        0x0800ad2d     0xc  Code  Gb  stm32f1xx_hal_cortex.o [1]
HAL_PCD_DataInStageCallback
                        0x0800db41    0x1c  Code  Gb  usbd_conf.o [1]
HAL_PCD_DataOutStageCallback
                        0x0800db23    0x1e  Code  Gb  usbd_conf.o [1]
HAL_PCD_EP_ClrStall     0x0800d693    0x5e  Code  Gb  stm32f1xx_hal_pcd.o [1]
HAL_PCD_EP_Open         0x0800d4f5    0x7e  Code  Gb  stm32f1xx_hal_pcd.o [1]
HAL_PCD_EP_Receive      0x0800d573    0x5a  Code  Gb  stm32f1xx_hal_pcd.o [1]
HAL_PCD_EP_SetStall     0x0800d625    0x6e  Code  Gb  stm32f1xx_hal_pcd.o [1]
HAL_PCD_EP_Transmit     0x0800d5cd    0x58  Code  Gb  stm32f1xx_hal_pcd.o [1]
HAL_PCD_IRQHandler      0x0800d37d   0x148  Code  Gb  stm32f1xx_hal_pcd.o [1]
HAL_PCD_ResetCallback   0x0800db6b    0x26  Code  Gb  usbd_conf.o [1]
HAL_PCD_ResumeCallback  0x0800dbb1     0xe  Code  Gb  usbd_conf.o [1]
HAL_PCD_SOFCallback     0x0800db5d     0xe  Code  Gb  usbd_conf.o [1]
HAL_PCD_SetAddress      0x0800d4c5    0x30  Code  Gb  stm32f1xx_hal_pcd.o [1]
HAL_PCD_SetupStageCallback
                        0x0800db11    0x12  Code  Gb  usbd_conf.o [1]
HAL_PCD_SuspendCallback
                        0x0800db91    0x20  Code  Gb  usbd_conf.o [1]
HAL_PWR_EnableBkUpAccess
                        0x0800c979     0x8  Code  Gb  stm32f1xx_hal_pwr.o [1]
HAL_RCCEx_GetPeriphCLKFreq
                        0x0800a7c1   0x122  Code  Gb  stm32f1xx_hal_rcc_ex.o [1]
HAL_RCCEx_PeriphCLKConfig
                        0x0800a6b5   0x10c  Code  Gb  stm32f1xx_hal_rcc_ex.o [1]
HAL_RCC_ClockConfig     0x0800a41b   0x184  Code  Gb  stm32f1xx_hal_rcc.o [1]
HAL_RCC_GetHCLKFreq     0x0800a617     0x6  Code  Gb  stm32f1xx_hal_rcc.o [1]
HAL_RCC_GetPCLK1Freq    0x0800a61d    0x16  Code  Gb  stm32f1xx_hal_rcc.o [1]
HAL_RCC_GetPCLK2Freq    0x0800a633    0x16  Code  Gb  stm32f1xx_hal_rcc.o [1]
HAL_RCC_GetSysClockFreq
                        0x0800a59f    0x78  Code  Gb  stm32f1xx_hal_rcc.o [1]
HAL_RCC_OscConfig       0x08009fc5   0x456  Code  Gb  stm32f1xx_hal_rcc.o [1]
HAL_RTCEx_BKUPRead      0x0800c925    0x1a  Code  Gb  stm32f1xx_hal_rtc_ex.o [1]
HAL_RTCEx_BKUPWrite     0x0800c911    0x14  Code  Gb  stm32f1xx_hal_rtc_ex.o [1]
HAL_RTC_GetDate         0x0800c537    0x60  Code  Gb  stm32f1xx_hal_rtc.o [1]
HAL_RTC_GetTime         0x0800c335   0x118  Code  Gb  stm32f1xx_hal_rtc.o [1]
HAL_RTC_Init            0x0800c175    0xe6  Code  Gb  stm32f1xx_hal_rtc.o [1]
HAL_RTC_MspInit         0x0800adf1    0x74  Code  Gb  stm32f1xx_hal_msp.o [1]
HAL_RTC_SetDate         0x0800c44d    0xea  Code  Gb  stm32f1xx_hal_rtc.o [1]
HAL_RTC_SetTime         0x0800c25b    0xda  Code  Gb  stm32f1xx_hal_rtc.o [1]
HAL_RTC_WaitForSynchro  0x0800c5a9    0x3c  Code  Gb  stm32f1xx_hal_rtc.o [1]
HAL_SPI_Init            0x0800c0e9    0x8a  Code  Gb  stm32f1xx_hal_spi_ex.o [1]
HAL_SPI_MspInit         0x0800ae65    0xfc  Code  Gb  stm32f1xx_hal_msp.o [1]
HAL_SPI_Transmit        0x0800be61   0x1ba  Code  Gb  stm32f1xx_hal_spi.o [1]
HAL_SYSTICK_Config      0x0800ad6d     0xc  Code  Gb  stm32f1xx_hal_cortex.o [1]
HAL_TIMEx_BreakCallback
                        0x0800b7b1     0x2  Code  Wk  stm32f1xx_hal_tim_ex.o [1]
HAL_TIMEx_CommutationCallback
                        0x0800b7af     0x2  Code  Wk  stm32f1xx_hal_tim_ex.o [1]
HAL_TIMEx_MasterConfigSynchronization
                        0x0800b755    0x5a  Code  Gb  stm32f1xx_hal_tim_ex.o [1]
HAL_TIM_Base_Init       0x0800b139    0x38  Code  Gb  stm32f1xx_hal_tim.o [1]
HAL_TIM_Base_MspInit    0x0800af61    0x7c  Code  Gb  stm32f1xx_hal_msp.o [1]
HAL_TIM_Base_Start      0x0800b171    0x1e  Code  Gb  stm32f1xx_hal_tim.o [1]
HAL_TIM_Base_Stop       0x0800b18f    0x36  Code  Gb  stm32f1xx_hal_tim.o [1]
HAL_TIM_IC_CaptureCallback
                        0x0800b4c9     0x2  Code  Wk  stm32f1xx_hal_tim.o [1]
HAL_TIM_IRQHandler      0x0800b251   0x176  Code  Gb  stm32f1xx_hal_tim.o [1]
HAL_TIM_OC_DelayElapsedCallback
                        0x0800b4c7     0x2  Code  Wk  stm32f1xx_hal_tim.o [1]
HAL_TIM_PWM_ConfigChannel
                        0x0800b3c7   0x100  Code  Gb  stm32f1xx_hal_tim.o [1]
HAL_TIM_PWM_Init        0x0800b1c5    0x38  Code  Gb  stm32f1xx_hal_tim.o [1]
HAL_TIM_PWM_MspInit     0x0800b0d9    0x26  Code  Gb  stm32f1xx_hal_msp.o [1]
HAL_TIM_PWM_PulseFinishedCallback
                        0x0800b4cb     0x2  Code  Wk  stm32f1xx_hal_tim.o [1]
HAL_TIM_PWM_Start       0x0800b1fd    0x4c  Code  Gb  stm32f1xx_hal_tim.o [1]
HAL_TIM_PeriodElapsedCallback
                        0x0800915d    0x10  Code  Gb  delay.o [1]
HAL_TIM_TriggerCallback
                        0x0800b4cd     0x2  Code  Wk  stm32f1xx_hal_tim.o [1]
HAL_UART_ErrorCallback  0x0800bac1     0x2  Code  Wk  stm32f1xx_hal_uart.o [1]
HAL_UART_GetState       0x0800bac3    0x18  Code  Gb  stm32f1xx_hal_uart.o [1]
HAL_UART_IRQHandler     0x0800b979   0x146  Code  Gb  stm32f1xx_hal_uart.o [1]
HAL_UART_Init           0x0800b7b5    0x76  Code  Gb  stm32f1xx_hal_uart.o [1]
HAL_UART_MspInit        0x0800afdd    0xfc  Code  Gb  stm32f1xx_hal_msp.o [1]
HAL_UART_Receive_IT     0x0800b909    0x70  Code  Gb  stm32f1xx_hal_uart.o [1]
HAL_UART_RxCpltCallback
                        0x080091cf    0x40  Code  Gb  usartprintf.o [1]
HAL_UART_Transmit       0x0800b82b    0xde  Code  Gb  stm32f1xx_hal_uart.o [1]
HAL_UART_TxCpltCallback
                        0x0800babf     0x2  Code  Wk  stm32f1xx_hal_uart.o [1]
HEAP$$Base              0x20001948           --   Gb  - Linker created -
HEAP$$Limit             0x20001b48           --   Gb  - Linker created -
HardFault_Handler       0x0800f05f     0x2  Code  Gb  stm32f1xx_it.o [1]
LoadInt                 0x08006927    0x6e  Code  Lc  xprintffull.o [3]
MemManage_Handler       0x0800f061     0x2  Code  Gb  stm32f1xx_it.o [1]
NMI_Handler             0x0800f05d     0x2  Code  Gb  stm32f1xx_it.o [1]
NVIC_EnableIRQ          0x0800ac85    0x14  Code  Lc  stm32f1xx_hal_cortex.o [1]
NVIC_EncodePriority     0x0800acbf    0x3e  Code  Lc  stm32f1xx_hal_cortex.o [1]
NVIC_GetPriorityGrouping
                        0x0800ac7b     0xa  Code  Lc  stm32f1xx_hal_cortex.o [1]
NVIC_SetPriority        0x0800ac99    0x26  Code  Lc  stm32f1xx_hal_cortex.o [1]
NVIC_SetPriorityGrouping
                        0x0800ac5d    0x1e  Code  Lc  stm32f1xx_hal_cortex.o [1]
PCD_EP_ISR_Handler      0x0800d6f1   0x420  Code  Lc  stm32f1xx_hal_pcd.o [1]
PendSV_Handler          0x0800f06b     0x2  Code  Gb  stm32f1xx_it.o [1]
RCC_Delay               0x0800a649    0x26  Code  Lc  stm32f1xx_hal_rcc.o [1]
RTC_Bcd2ToByte          0x0800c733    0x1c  Code  Lc  stm32f1xx_hal_rtc.o [1]
RTC_ByteToBcd2          0x0800c71d    0x16  Code  Lc  stm32f1xx_hal_rtc.o [1]
RTC_CalendarConfig      0x08009e6d    0x50  Code  Lc  rtc.o [1]
RTC_CalendarShow        0x08009ebd    0x3e  Code  Gb  rtc.o [1]
RTC_DateUpdate          0x0800c74f    0xea  Code  Lc  stm32f1xx_hal_rtc.o [1]
RTC_EnterInitMode       0x0800c6b5    0x34  Code  Lc  stm32f1xx_hal_rtc.o [1]
RTC_ExitInitMode        0x0800c6e9    0x34  Code  Lc  stm32f1xx_hal_rtc.o [1]
RTC_IsLeapYear          0x0800c839    0x44  Code  Lc  stm32f1xx_hal_rtc.o [1]
RTC_ReadAlarmCounter    0x0800c661    0x1c  Code  Lc  stm32f1xx_hal_rtc.o [1]
RTC_ReadTimeCounter     0x0800c5e5    0x44  Code  Lc  stm32f1xx_hal_rtc.o [1]
RTC_WeekDayNum          0x0800c87d    0x94  Code  Lc  stm32f1xx_hal_rtc.o [1]
RTC_WriteAlarmCounter   0x0800c67d    0x38  Code  Lc  stm32f1xx_hal_rtc.o [1]
RTC_WriteTimeCounter    0x0800c629    0x38  Code  Lc  stm32f1xx_hal_rtc.o [1]
Region$$Table$$Base     0x0800f0ac           --   Gb  - Linker created -
Region$$Table$$Limit    0x0800f0cc           --   Gb  - Linker created -
SPI_CheckFlag_BSY       0x0800c0bd    0x2c  Code  Lc  stm32f1xx_hal_spi.o [1]
SPI_WaitFlagStateUntilTimeout
                        0x0800c01b    0xa2  Code  Lc  stm32f1xx_hal_spi.o [1]
SVC_Handler             0x0800f067     0x2  Code  Gb  stm32f1xx_it.o [1]
SysTick_Config          0x0800acfd    0x30  Code  Lc  stm32f1xx_hal_cortex.o [1]
SysTick_Handler         0x0800f06d     0x8  Code  Gb  stm32f1xx_it.o [1]
SystemClock_Config      0x08008ba5    0x90  Code  Gb  main.o [1]
SystemCoreClock         0x20000800     0x4  Data  Gb  system_stm32f1xx.o [1]
SystemInit              0x0800ef9d    0x5e  Code  Gb  system_stm32f1xx.o [1]
TIM7_IRQHandler         0x08009153     0xa  Code  Gb  delay.o [1]
TIM_Base_SetConfig      0x0800b4cf    0x90  Code  Gb  stm32f1xx_hal_tim.o [1]
TIM_CCxChannelCmd       0x0800b735    0x1e  Code  Gb  stm32f1xx_hal_tim.o [1]
TIM_OC1_SetConfig       0x0800b55f    0x72  Code  Lc  stm32f1xx_hal_tim.o [1]
TIM_OC2_SetConfig       0x0800b5d1    0x7c  Code  Gb  stm32f1xx_hal_tim.o [1]
TIM_OC3_SetConfig       0x0800b64d    0x7a  Code  Lc  stm32f1xx_hal_tim.o [1]
TIM_OC4_SetConfig       0x0800b6c7    0x58  Code  Lc  stm32f1xx_hal_tim.o [1]
UART_DMAAbortOnError    0x0800bb6d    0x16  Code  Lc  stm32f1xx_hal_uart.o [1]
UART_EndRxTransfer      0x0800bb4b    0x20  Code  Lc  stm32f1xx_hal_uart.o [1]
UART_EndTransmit_IT     0x0800bbf3    0x20  Code  Lc  stm32f1xx_hal_uart.o [1]
UART_Receive_IT         0x0800bc13    0xac  Code  Lc  stm32f1xx_hal_uart.o [1]
UART_SetConfig          0x0800bcbf   0x198  Code  Lc  stm32f1xx_hal_uart.o [1]
UART_Transmit_IT        0x0800bb85    0x6e  Code  Lc  stm32f1xx_hal_uart.o [1]
UART_WaitOnFlagUntilTimeout
                        0x0800badb    0x70  Code  Lc  stm32f1xx_hal_uart.o [1]
USART1_IRQHandler       0x080093bf    0x4e  Code  Gb  hy40r204.o [1]
USART3_IRQHandler       0x0800920f    0x40  Code  Gb  usartprintf.o [1]
USBD_ClrClassConfig     0x0800dd81    0x18  Code  Gb  usbd_core.o [1]
USBD_ClrFeature         0x0800e593    0x3a  Code  Lc  usbd_ctlreq.o [1]
USBD_CtlContinueRx      0x0800e64f    0x1a  Code  Gb  usbd_ioreq.o [1]
USBD_CtlContinueSendData
                        0x0800e635    0x1a  Code  Gb  usbd_ioreq.o [1]
USBD_CtlError           0x0800e5f5    0x18  Code  Gb  usbd_ctlreq.o [1]
USBD_CtlReceiveStatus   0x0800e683    0x1a  Code  Gb  usbd_ioreq.o [1]
USBD_CtlSendData        0x0800e60d    0x28  Code  Gb  usbd_ioreq.o [1]
USBD_CtlSendStatus      0x0800e669    0x1a  Code  Gb  usbd_ioreq.o [1]
USBD_GetConfig          0x0800e4e5    0x4c  Code  Lc  usbd_ctlreq.o [1]
USBD_GetDescriptor      0x0800e241   0x164  Code  Lc  usbd_ctlreq.o [1]
USBD_GetStatus          0x0800e531    0x3c  Code  Lc  usbd_ctlreq.o [1]
USBD_Get_USB_Status     0x0800dd19    0x36  Code  Lc  usbd_conf.o [1]
USBD_LL_ClearStallEP    0x0800dc23    0x28  Code  Gb  usbd_conf.o [1]
USBD_LL_DataInStage     0x0800de91    0xe2  Code  Gb  usbd_core.o [1]
USBD_LL_DataOutStage    0x0800de03    0x8e  Code  Gb  usbd_core.o [1]
USBD_LL_IsStallEP       0x0800dc4b    0x2c  Code  Gb  usbd_conf.o [1]
USBD_LL_OpenEP          0x0800dbbf    0x3c  Code  Gb  usbd_conf.o [1]
USBD_LL_PrepareReceive  0x0800dcd9    0x3a  Code  Gb  usbd_conf.o [1]
USBD_LL_Reset           0x0800df73    0x46  Code  Gb  usbd_core.o [1]
USBD_LL_Resume          0x0800dfd5     0xe  Code  Gb  usbd_core.o [1]
USBD_LL_SOF             0x0800dfe3    0x24  Code  Gb  usbd_core.o [1]
USBD_LL_SetSpeed        0x0800dfb9     0x8  Code  Gb  usbd_core.o [1]
USBD_LL_SetUSBAddress   0x0800dc77    0x28  Code  Gb  usbd_conf.o [1]
USBD_LL_SetupStage      0x0800dd99    0x6a  Code  Gb  usbd_core.o [1]
USBD_LL_StallEP         0x0800dbfb    0x28  Code  Gb  usbd_conf.o [1]
USBD_LL_Suspend         0x0800dfc1    0x14  Code  Gb  usbd_core.o [1]
USBD_LL_Transmit        0x0800dc9f    0x3a  Code  Gb  usbd_conf.o [1]
USBD_ParseSetupRequest  0x0800e5cd    0x28  Code  Gb  usbd_ctlreq.o [1]
USBD_RunTestMode        0x0800dd4f     0x6  Code  Gb  usbd_core.o [1]
USBD_SetAddress         0x0800e3a5    0x60  Code  Lc  usbd_ctlreq.o [1]
USBD_SetClassConfig     0x0800dd55    0x2c  Code  Gb  usbd_core.o [1]
USBD_SetConfig          0x0800e405    0xda  Code  Lc  usbd_ctlreq.o [1]
USBD_SetFeature         0x0800e56d    0x26  Code  Lc  usbd_ctlreq.o [1]
USBD_StdDevReq          0x0800e009    0x7c  Code  Gb  usbd_ctlreq.o [1]
USBD_StdEPReq           0x0800e0d1   0x170  Code  Gb  usbd_ctlreq.o [1]
USBD_StdItfReq          0x0800e085    0x4c  Code  Gb  usbd_ctlreq.o [1]
USB_ActivateEndpoint    0x0800cb7d   0x354  Code  Gb  stm32f1xx_ll_usb.o [1]
USB_EP0_OutStart        0x0800d2fd     0x6  Code  Gb  stm32f1xx_ll_usb.o [1]
USB_EPClearStall        0x0800d23d    0xa2  Code  Gb  stm32f1xx_ll_usb.o [1]
USB_EPSetStall          0x0800d1bf    0x7e  Code  Gb  stm32f1xx_ll_usb.o [1]
USB_EPStartXfer         0x0800ced1   0x2ee  Code  Gb  stm32f1xx_ll_usb.o [1]
USB_LP_CAN1_RX0_IRQHandler
                        0x0800f075     0xa  Code  Gb  stm32f1xx_it.o [1]
USB_ReadInterrupts      0x0800d2f1     0xc  Code  Gb  stm32f1xx_ll_usb.o [1]
USB_ReadPMA             0x0800d34d    0x30  Code  Gb  stm32f1xx_ll_usb.o [1]
USB_SetDevAddress       0x0800d2df    0x12  Code  Gb  stm32f1xx_ll_usb.o [1]
USB_WritePMA            0x0800d303    0x4a  Code  Gb  stm32f1xx_ll_usb.o [1]
UsageFault_Handler      0x0800f065     0x2  Code  Gb  stm32f1xx_it.o [1]
_EncodingSb_Mbtowc      0x08008097    0x30  Code  Gb  xencoding_sb.o [3]
_EncodingSb_Wctomb      0x0800807d    0x1a  Code  Gb  xencoding_sb.o [3]
_GenldFull              0x080071ab   0x24c  Code  Lc  xprintffull.o [3]
_IsdstStr               0x200008d0     0x4  Data  Gb  setlocale.o [3]
_LdtobFull              0x08006da9   0x3fc  Code  Lc  xprintffull.o [3]
_LitobFull              0x08006ca1   0x106  Code  Lc  xprintffull.o [3]
_LocaleEncoding         0x08008069     0xe  Code  Gb  setlocale.o [3]
_LocaleReturnString     0x200008f0    0x50  Data  Lc  setlocale.o [3]
_Locale_Profile         0x200008d4    0x1c  Data  Gb  setlocale.o [3]
_Locale_aeabi_lconv     0x20000894    0x38  Data  Gb  localeconv.o [3]
_Locale_lconv           0x20000844    0x50  Data  Gb  localeconv.o [3]
_Mbtowc                 0x0800743f    0x20  Code  Gb  xmbtowc.o [3]
_PrintfFull             0x080062d9   0x638  Code  Gb  xprintffull.o [3]
_Prout                  0x0800f111    0x16  Code  Gb  xprout.o [3]
_PutcharsFull           0x080073f7    0x2e  Code  Lc  xprintffull.o [3]
_PutstrFull             0x08006995   0x306  Code  Lc  xprintffull.o [3]
_TzoneStr               0x200008cc     0x4  Data  Gb  setlocale.o [3]
_Wctomb                 0x08007639    0x1a  Code  Gb  xwctomb.o [3]
__aeabi_cdcmple         0x0800787d          Code  Gb  DblCmpLe.o [4]
__aeabi_cdrcmple        0x080078ad          Code  Gb  DblCmpGe.o [4]
__aeabi_d2iz            0x080079e9          Code  Gb  DblToI32.o [4]
__aeabi_d2uiz           0x08007a15          Code  Gb  DblToI32.o [4]
__aeabi_ddiv            0x08007d95          Code  Gb  DblDiv.o [4]
__aeabi_dmul            0x08007bf1          Code  Gb  DblMul.o [4]
__aeabi_dsub            0x08007a71          Code  Gb  DblSub.o [4]
__aeabi_i2d             0x08007a41          Code  Gb  I32ToDbl.o [4]
__aeabi_ldiv0           0x08008109          Code  Gb  I64DivZer.o [5]
__aeabi_memclr4         0x08009fbd          Code  Gb  ABImemclr4.o [5]
__aeabi_memset          0x08009f55          Code  Gb  ABImemset.o [5]
__aeabi_ui2d            0x08007a55          Code  Gb  I32ToDbl.o [4]
__aeabi_uldivmod        0x0800774d          Code  Gb  I64DivMod.o [5]
__cmain                 0x0800f0cd          Code  Gb  cmain.o [5]
__data_Aldata           0x20002250     0x8  Data  Gb  xxmemxmalloc.o [3]
__data_GetMemChunk      0x080080dd    0x2c  Code  Gb  xgetmemchunk.o [3]
__exit                  0x0800f0fd    0x14  Code  Gb  exit.o [6]
__iar_Dnorm             0x0800783b    0x42  Code  Gb  xdnorm.o [4]
__iar_Dscale            0x080078dd   0x10c  Code  Gb  xdscale.o [4]
__iar_Locale_lconv_init
                        0x08007fed    0x3a  Code  Gb  localeconv.o [3]
__iar_Mbcurmax          0x0800757d     0xa  Code  Gb  xmbcurmax.o [3]
__iar_Memchr            0x08007525          Code  Gb  memchr.o [5]
__iar_Memset            0x08009f55          Code  Gb  ABImemset.o [5]
__iar_Memset4_word      0x0800c945          Code  Gb  ABImemset48.o [5]
__iar_Memset8_word      0x0800c945          Code  Gb  ABImemset48.o [5]
__iar_Memset_word       0x08009f5d          Code  Gb  ABImemset.o [5]
__iar_Stdout            0x20000804    0x40  Data  Gb  xfiles.o [3]
__iar_Strchr            0x080074d5          Code  Gb  strchr.o [5]
__iar_d2uiz             0x08007a21          Code  Gb  DblToI32.o [4]
__iar_dadd              0x0800810d          Code  Gb  DblAdd.o [4]
__iar_data_init3        0x0800f085    0x28  Code  Gb  data_init.o [5]
__iar_dlib_perthread_access
                        0x080081e1     0x2  Code  Gb  xtls.o [3]
__iar_dsub              0x08007a85          Code  Gb  DblSub.o [4]
__iar_dsubStart         0x08007a97          Code  Gb  DblSub.o [4]
__iar_lz77_init_single3
                        0x0800745f    0x76  Code  Gb  lz77_init_single.o [5]
__iar_program_start     0x0800f191          Code  Gb  cstartup_M.o [5]
__iar_ui2d              0x08007a59          Code  Gb  I32ToDbl.o [4]
__iar_unaligned___aeabi_memcpy
                        0x08007655          Code  Gb  ABImemcpy_unaligned.o [5]
__iar_unaligned___aeabi_memcpy4
                        0x08007675          Code  Gb  ABImemcpy_unaligned.o [5]
__iar_unaligned___aeabi_memcpy8
                        0x08007675          Code  Gb  ABImemcpy_unaligned.o [5]
__iar_zero_init3        0x0800f01d    0x40  Code  Gb  zero_init3.o [5]
__low_level_init        0x0800f0e7     0x4  Code  Gb  low_level_init.o [3]
__vector_table          0x08000000          Data  Gb  startup_stm32f103xe.o [1]
_call_main              0x0800f0d9          Code  Gb  cmain.o [5]
_exit                   0x0800f0f1          Code  Gb  cexit.o [5]
_main                   0x0800f0e3          Code  Gb  cmain.o [5]
defaultName             0x200007d0    0x1c  Data  Gb  main.o [1]
delay_ms                0x080090b5    0x50  Code  Gb  delay.o [1]
delay_us                0x08009105    0x4e  Code  Gb  delay.o [1]
display_rtc             0x08009901   0x346  Code  Gb  EPAPER.o [1]
div                     0x08008059     0xe  Code  Gb  div.o [3]
driver_delay_xms        0x08009449    0x20  Code  Gb  EPAPER.o [1]
exit                    0x0800f0eb     0x4  Code  Gb  exit.o [3]
fputc                   0x0800924f    0x12  Code  Gb  usartprintf.o [1]
free                    0x080076cd    0x7a  Code  Gb  xxmemxfree.o [3]
gImage_back_black       0x08004f50  0x1388  Data  Gb  main.o [1]
gImage_back_icon        0x080014b8  0x1388  Data  Gb  main.o [1]
gImage_back_white       0x08003bc8  0x1388  Data  Gb  main.o [1]
gImage_font_icon        0x0800e69c   0x600  Data  Gb  main.o [1]
gImage_huilang_icon     0x08002840  0x1388  Data  Gb  main.o [1]
gImage_num3232          0x0800ec9c   0x300  Data  Gb  main.o [1]
gImage_qr_code          0x08000130  0x1388  Data  Gb  main.o [1]
hpcd_USB_FS             0x20001b48   0x460  Data  Gb  usbd_conf.o [1]
hrtc                    0x20002234    0x14  Data  Gb  rtc.o [1]
hspi1                   0x2000200c    0x58  Data  Gb  EPAPER.o [1]
htim3                   0x20002174    0x40  Data  Gb  magnet.o [1]
htim6                   0x200020b4    0x40  Data  Gb  delay.o [1]
htim7                   0x200020f4    0x40  Data  Gb  delay.o [1]
huart1                  0x20002134    0x40  Data  Gb  hy40r204.o [1]
huart3                  0x200021b4    0x40  Data  Gb  usartprintf.o [1]
hy40r204RecData         0x20002248     0x8  Data  Gb  hy40r204.o [1]
hy40r204_init           0x080092ab    0xe8  Code  Gb  hy40r204.o [1]
hy40r204_para_init      0x08009279    0x32  Code  Gb  hy40r204.o [1]
hy40r204_send_data      0x080093a7    0x18  Code  Gb  hy40r204.o [1]
hy40r204_wake_con       0x08009393    0x14  Code  Gb  hy40r204.o [1]
infrared_detect_init    0x08009cc5    0x34  Code  Gb  infraredpin.o [1]
infrared_pin_read       0x08009cf9    0x1a  Code  Gb  infraredpin.o [1]
inkscreen_int           0x08009841    0xc0  Code  Gb  EPAPER.o [1]
key_init                0x08009c69    0x34  Code  Gb  key.o [1]
key_input_check         0x08009c9d    0x20  Code  Gb  key.o [1]
localeconv              0x08008027    0x16  Code  Gb  localeconv.o [3]
magnet_control          0x08009de3    0x34  Code  Gb  magnet.o [1]
magnet_init             0x08009d1d    0xc6  Code  Gb  magnet.o [1]
main                    0x080081e5   0x944  Code  Gb  main.o [1]
malloc                  0x08007589    0xac  Code  Gb  xxmemxmalloc.o [3]
memchr                  0x08007525          Code  Gb  memchr.o [5]
moduleName              0x200007ec    0x10  Data  Gb  main.o [1]
obuf                    0x20002064    0x50  Data  Lc  xfiles.o [3]
printf                  0x08009f31    0x24  Code  Gb  printf.o [3]
putchar                 0x0800f129     0xc  Code  Gb  putchar.o [3]
rtc_init                0x08009e31    0x3c  Code  Gb  rtc.o [1]
step_motor_back_origin  0x08008c37    0x94  Code  Gb  main.o [1]
stepper_dir_control     0x08008e75    0x28  Code  Gb  a4988.o [1]
stepper_gpio_hw_init    0x08008ccd    0xdc  Code  Lc  a4988.o [1]
stepper_init            0x08008da9    0x20  Code  Gb  a4988.o [1]
stepper_microstep_control
                        0x08008df1    0x84  Code  Gb  a4988.o [1]
stepper_set_level_control
                        0x08008e9d    0x28  Code  Gb  a4988.o [1]
stepper_sleep_control   0x08008dc9    0x28  Code  Gb  a4988.o [1]
stepper_walk            0x08008ec5    0xd8  Code  Gb  a4988.o [1]
strchr                  0x080074d5          Code  Gb  strchr.o [5]
strlen                  0x080074ed          Code  Gb  strlen.o [5]
strncmp                 0x08009f09    0x28  Code  Gb  strncmp.o [3]
timFlag_7               0x20002262     0x1  Data  Lc  delay.o [1]
time_init               0x0800903d    0x78  Code  Gb  delay.o [1]
uart1DataBuf            0x20001fa8    0x64  Data  Gb  hy40r204.o [1]
usart3HalRxBuf          0x20002263     0x1  Data  Gb  usartprintf.o [1]
usart3RxBuf             0x200021f4    0x40  Data  Gb  usartprintf.o [1]
usart3RxSta             0x20002260     0x2  Data  Gb  usartprintf.o [1]
usart_printf_init       0x08009189    0x46  Code  Gb  usartprintf.o [1]
uwTick                  0x20002258     0x4  Data  Gb  stm32f1xx_hal.o [1]
uwTickFreq              0x20000940     0x1  Data  Gb  stm32f1xx_hal.o [1]
uwTickPrio              0x200007fc     0x4  Data  Gb  stm32f1xx_hal.o [1]


[1] = F:\Projects_Document\hlsd_projects\blestamp_20190701\EWARM\wlsstamp_v2.0\Obj
[2] = command line
[3] = dl7M_tlf.a
[4] = m7M_tl.a
[5] = rt7M_tl.a
[6] = shb_l.a

  34 656 bytes of readonly  code memory
  28 551 bytes of readonly  data memory
   8 798 bytes of readwrite data memory

Errors: none
Warnings: none
